// Jest Snapshot v1, https://goo.gl/fbAQLP

exports[`should render a counter 1`] = `
<Counter>
  <styled.p
    theme={
      Object {
        "animation": [Function],
        "color": Object {
          "black": "#222222",
          "darkBlue": "#002C5F",
          "darkGray": "#515151",
          "error": "#dd3333",
          "gray": "#a9abae",
          "lightGray": "#e5e5e5",
          "overlay": "rgba(0, 0, 0, .15)",
          "primary": "#00528F",
          "secondary": "#00245f",
          "success": "#33bb33",
          "warn": "#dd3333",
          "white": "#fefefe",
        },
        "font": Object {
          "color": "#222222",
          "family": "\\"Ubuntu\\", sans-serif",
          "size": "16px",
          "spacing": 0,
        },
        "shape": Object {
          "border": ".1rem solid rgba(0, 0, 0, .15)",
          "float": "0 .5rem .5rem .125rem rgba(0, 0, 0, .15)",
          "margin": ".25rem .125rem",
          "maxWidth": "1280px",
          "padding": ".75rem .875rem",
          "radius": ".5rem",
          "shadow": "0 .25rem .25rem 0 rgba(0, 0, 0, .15)",
          "size": "16px",
        },
        "transition": Object {
          "time": ".3s ease",
        },
      }
    }
  >
    <StyledComponent
      forwardedComponent={
        Object {
          "$$typeof": Symbol(react.forward_ref),
          "attrs": Array [],
          "componentStyle": ComponentStyle {
            "componentId": "sc-bdVaJa",
            "isStatic": false,
            "lastClassName": "gFdtYd",
            "rules": Array [
              "
color: ",
              [Function],
              ";
",
            ],
          },
          "defaultProps": Object {
            "theme": Object {
              "animation": [Function],
              "color": Object {
                "black": "#222222",
                "darkBlue": "#002C5F",
                "darkGray": "#515151",
                "error": "#dd3333",
                "gray": "#a9abae",
                "lightGray": "#e5e5e5",
                "overlay": "rgba(0, 0, 0, .15)",
                "primary": "#00528F",
                "secondary": "#00245f",
                "success": "#33bb33",
                "warn": "#dd3333",
                "white": "#fefefe",
              },
              "font": Object {
                "color": "#222222",
                "family": "\\"Ubuntu\\", sans-serif",
                "size": "16px",
                "spacing": 0,
              },
              "shape": Object {
                "border": ".1rem solid rgba(0, 0, 0, .15)",
                "float": "0 .5rem .5rem .125rem rgba(0, 0, 0, .15)",
                "margin": ".25rem .125rem",
                "maxWidth": "1280px",
                "padding": ".75rem .875rem",
                "radius": ".5rem",
                "shadow": "0 .25rem .25rem 0 rgba(0, 0, 0, .15)",
                "size": "16px",
              },
              "transition": Object {
                "time": ".3s ease",
              },
            },
          },
          "displayName": "styled.p",
          "foldedComponentIds": Array [],
          "render": [Function],
          "styledComponentId": "sc-bdVaJa",
          "target": "p",
          "toString": [Function],
          "warnTooManyClasses": [Function],
          "withComponent": [Function],
        }
      }
      forwardedRef={null}
      theme={
        Object {
          "animation": [Function],
          "color": Object {
            "black": "#222222",
            "darkBlue": "#002C5F",
            "darkGray": "#515151",
            "error": "#dd3333",
            "gray": "#a9abae",
            "lightGray": "#e5e5e5",
            "overlay": "rgba(0, 0, 0, .15)",
            "primary": "#00528F",
            "secondary": "#00245f",
            "success": "#33bb33",
            "warn": "#dd3333",
            "white": "#fefefe",
          },
          "font": Object {
            "color": "#222222",
            "family": "\\"Ubuntu\\", sans-serif",
            "size": "16px",
            "spacing": 0,
          },
          "shape": Object {
            "border": ".1rem solid rgba(0, 0, 0, .15)",
            "float": "0 .5rem .5rem .125rem rgba(0, 0, 0, .15)",
            "margin": ".25rem .125rem",
            "maxWidth": "1280px",
            "padding": ".75rem .875rem",
            "radius": ".5rem",
            "shadow": "0 .25rem .25rem 0 rgba(0, 0, 0, .15)",
            "size": "16px",
          },
          "transition": Object {
            "time": ".3s ease",
          },
        }
      }
    >
      <p
        className="sc-bdVaJa gFdtYd"
      >
        default
      </p>
    </StyledComponent>
  </styled.p>
</Counter>
`;
