// Jest Snapshot v1, https://goo.gl/fbAQLP

exports[`should render a badge 1`] = `<Badge />`;
